$ /Users/guoyuhang/.local/miniconda3/bin/conda env create --file environment.yml --yes

CondaToSNonInteractiveError: Terms of Service have not been accepted for the following channels. Please accept or remove them before proceeding:
    - https://repo.anaconda.com/pkgs/main
    - https://repo.anaconda.com/pkgs/r

To accept these channels' Terms of Service, run the following commands:
    conda tos accept --override-channels --channel https://repo.anaconda.com/pkgs/main
    conda tos accept --override-channels --channel https://repo.anaconda.com/pkgs/r

For information on safely removing channels from your conda configuration,
please see the official documentation:

    https://www.anaconda.com/docs/tools/working-with-conda/channels


$ /Users/guoyuhang/.local/miniconda3/bin/conda env create --file environment.yml --yes --override-channels --channel conda-forge
usage: conda [-h] [-v] [--no-plugins] [-V] COMMAND ...
conda: error: unrecognized arguments: --override-channels --channel conda-forge

$ CONDA_CHANNELS=conda-forge /Users/guoyuhang/.local/miniconda3/bin/conda env create --file environment.yml --yes

CondaToSNonInteractiveError: Terms of Service have not been accepted for the following channels. Please accept or remove them before proceeding:
    - https://repo.anaconda.com/pkgs/main
    - https://repo.anaconda.com/pkgs/r

To accept these channels' Terms of Service, run the following commands:
    conda tos accept --override-channels --channel https://repo.anaconda.com/pkgs/main
    conda tos accept --override-channels --channel https://repo.anaconda.com/pkgs/r

For information on safely removing channels from your conda configuration,
please see the official documentation:

    https://www.anaconda.com/docs/tools/working-with-conda/channels


$ CONDARC=/dev/null CONDA_NO_PLUGINS=true /Users/guoyuhang/.local/miniconda3/bin/conda env create --file environment.yml --yes
Retrieving notices: ...working... done

CondaValueError: You have chosen a non-default solver backend (libmamba) but it was not recognized. Choose one of: classic


$ CONDARC=/dev/null CONDA_NO_PLUGINS=true /Users/guoyuhang/.local/miniconda3/bin/conda env create --solver classic --file environment.yml --yes
Retrieving notices: ...working... done
Collecting package metadata (current_repodata.json): ...working... done
Solving environment: ...working... unsuccessful attempt using repodata from current_repodata.json, retrying with next repodata source.
Collecting package metadata (repodata.json): ...working... done
Solving environment: ...working... failed

CondaError: KeyboardInterrupt


$ /Users/guoyuhang/.local/miniconda3/bin/conda env create --file environment.yml --yes
Channels:
 - conda-forge
 - nodefaults
Platform: osx-arm64
Collecting package metadata (repodata.json): ...working... done
Solving environment: ...working... done

## Package Plan ##

  environment location: /Users/guoyuhang/.local/miniconda3/envs/project1

  added / updated specs:
    - matplotlib=3.10.8
    - numpy=2.2.6
    - pandas=2.2.3
    - pip
    - python=3.10
    - scikit-learn=1.7.2
    - scipy=1.15.2
    - threadpoolctl=3.6.0


The following packages will be downloaded:

    package                    |            build
    ---------------------------|-----------------
    _openmp_mutex-4.5          |       8_kmp_llvm           8 KB  conda-forge
    brotli-1.2.0               |       hf00d406_4          20 KB  conda-forge
    brotli-bin-1.2.0           |       he4a93e4_4          18 KB  conda-forge
    bzip2-1.0.8                |      h4e30115_10         122 KB  conda-forge
    ca-certificates-2026.7.22  |       hbd8a1cb_0         129 KB  conda-forge
    cloudpickle-3.1.2          |     pyhcf101f3_1          27 KB  conda-forge
    contourpy-1.3.2            |  py310h7f4e7e6_0         227 KB  conda-forge
    cycler-0.12.1              |     pyhcf101f3_2          14 KB  conda-forge
    fonttools-4.63.0           |  py310hb46c203_0         2.3 MB  conda-forge
    freetype-2.14.3            |       hce30654_2         171 KB  conda-forge
    joblib-1.6.0               |     pyhcf101f3_0         223 KB  conda-forge
    kiwisolver-1.5.1           |  py310hee56be5_0          64 KB  conda-forge
    lcms2-2.19.1               |       hce41798_3         208 KB  conda-forge
    lerc-4.2.0                 |       h1eee2c3_0         163 KB  conda-forge
    libblas-3.11.0             |11_h51639a9_openblas          18 KB  conda-forge
    libbrotlicommon-1.2.0      |       h1dcdb26_4          78 KB  conda-forge
    libbrotlidec-1.2.0         |       h5295a6a_4          29 KB  conda-forge
    libbrotlienc-1.2.0         |       h2ddc9cb_4         289 KB  conda-forge
    libcblas-3.11.0            |11_hb0561ab_openblas          18 KB  conda-forge
    libcxx-23.1.2              |       h55c6f16_0         566 KB  conda-forge
    libdeflate-1.25            |       he7e0567_1          54 KB  conda-forge
    libexpat-2.8.5             |       h6111c0a_0          68 KB  conda-forge
    libffi-3.7.0               |       h47dc5ef_1          43 KB  conda-forge
    libfreetype-2.14.3         |       hce30654_2           8 KB  conda-forge
    libfreetype6-2.14.3        |       h2ed5691_2         333 KB  conda-forge
    libgcc-16.2.0              |       h3cf6597_7         357 KB  conda-forge
    libgfortran-16.2.0         |       h07b0088_7          97 KB  conda-forge
    libgfortran5-16.2.0        |       hdb7a957_7         542 KB  conda-forge
    libjpeg-turbo-3.2.0        |       h84a0fba_1         545 KB  conda-forge
    liblapack-3.11.0           |11_hd9741b5_openblas          18 KB  conda-forge
    liblzma-5.8.3              |       h8088a28_1          90 KB  conda-forge
    libopenblas-0.3.34         |openmp_h5e6e99c_1         4.1 MB  conda-forge
    libpng-1.6.59              |       hf5e6511_0         283 KB  conda-forge
    libsqlite-3.53.4           |     h34a968b_102         917 KB  conda-forge
    libtiff-4.7.2              |       hf67920b_1         372 KB  conda-forge
    libwebp-base-1.6.0         |       h202fb40_1         288 KB  conda-forge
    libxcb-1.17.0              |       hbffa61f_2         317 KB  conda-forge
    libzlib-1.3.2              |       h8088a28_3          47 KB  conda-forge
    llvm-openmp-23.1.2         |       hdb3d66b_0         281 KB  conda-forge
    matplotlib-3.10.8          |  py310hb6292c7_0          17 KB  conda-forge
    matplotlib-base-3.10.8     |  py310h0181960_0         6.8 MB  conda-forge
    munkres-1.1.4              |     pyhd8ed1ab_1          15 KB  conda-forge
    ncurses-6.6                |       he64c551_1         785 KB  conda-forge
    numpy-2.2.6                |  py310h4d83441_0         5.6 MB  conda-forge
    openjpeg-2.5.4             |       h4d1e80c_2         369 KB  conda-forge
    openssl-3.6.5              |       h55eecbc_0         3.0 MB  conda-forge
    packaging-26.3             |     pyhc364b38_0         114 KB  conda-forge
    pandas-2.2.3               |  py310h5936506_3        11.5 MB  conda-forge
    pillow-12.3.0              |  py310hc037f36_0         808 KB  conda-forge
    pip-26.2.1                 |     pyh8b19718_0         1.1 MB  conda-forge
    pthread-stubs-0.4          |    hb001647_1004           9 KB  conda-forge
    pyparsing-3.3.2            |     pyhcf101f3_0         108 KB  conda-forge
    python-3.10.21             |hac0b6dc_0_cpython        12.4 MB  conda-forge
    python-dateutil-2.9.0.post0|     pyhe01879c_2         228 KB  conda-forge
    python-tzdata-2026.3       |     pyhd8ed1ab_0         143 KB  conda-forge
    python_abi-3.10            |          9_cp310           7 KB  conda-forge
    pytz-2026.3.post1          |     pyhcf101f3_0         196 KB  conda-forge
    qhull-2020.2               |       h420ef59_5         504 KB  conda-forge
    readline-8.3               |       h8b90a29_1         307 KB  conda-forge
    scikit-learn-1.7.2         |  py310h660f142_0         7.4 MB  conda-forge
    scipy-1.15.2               |  py310h32ab4ed_0        12.9 MB  conda-forge
    setuptools-84.0.0          |     pyh332efcf_0         512 KB  conda-forge
    six-1.17.0                 |     pyhe01879c_1          18 KB  conda-forge
    threadpoolctl-3.6.0        |     pyhecae5ae_0          23 KB  conda-forge
    tk-8.6.13                  |       hbeba79b_4         3.2 MB  conda-forge
    tornado-6.5.8              |  py310h72544b6_0         662 KB  conda-forge
    tzdata-2026c               |       h151e31d_0         116 KB  conda-forge
    unicodedata2-17.0.1        |  py310h72544b6_0         406 KB  conda-forge
    wheel-0.48.0               |     pyhd8ed1ab_0          34 KB  conda-forge
    xorg-libxau-1.0.12         |       hb001647_2          17 KB  conda-forge
    xorg-libxdmcp-1.1.5        |       hb001647_2          21 KB  conda-forge
    zlib-ng-2.3.3              |       h31dac16_1          94 KB  conda-forge
    zstd-1.5.7                 |       hf451053_7         424 KB  conda-forge
    ------------------------------------------------------------
                                           Total:        82.8 MB

The following NEW packages will be INSTALLED:

  _openmp_mutex      conda-forge/osx-arm64::_openmp_mutex-4.5-8_kmp_llvm 
  brotli             conda-forge/osx-arm64::brotli-1.2.0-hf00d406_4 
  brotli-bin         conda-forge/osx-arm64::brotli-bin-1.2.0-he4a93e4_4 
  bzip2              conda-forge/osx-arm64::bzip2-1.0.8-h4e30115_10 
  ca-certificates    conda-forge/noarch::ca-certificates-2026.7.22-hbd8a1cb_0 
  cloudpickle        conda-forge/noarch::cloudpickle-3.1.2-pyhcf101f3_1 
  contourpy          conda-forge/osx-arm64::contourpy-1.3.2-py310h7f4e7e6_0 
  cycler             conda-forge/noarch::cycler-0.12.1-pyhcf101f3_2 
  fonttools          conda-forge/osx-arm64::fonttools-4.63.0-py310hb46c203_0 
  freetype           conda-forge/osx-arm64::freetype-2.14.3-hce30654_2 
  joblib             conda-forge/noarch::joblib-1.6.0-pyhcf101f3_0 
  kiwisolver         conda-forge/osx-arm64::kiwisolver-1.5.1-py310hee56be5_0 
  lcms2              conda-forge/osx-arm64::lcms2-2.19.1-hce41798_3 
  lerc               conda-forge/osx-arm64::lerc-4.2.0-h1eee2c3_0 
  libblas            conda-forge/osx-arm64::libblas-3.11.0-11_h51639a9_openblas 
  libbrotlicommon    conda-forge/osx-arm64::libbrotlicommon-1.2.0-h1dcdb26_4 
  libbrotlidec       conda-forge/osx-arm64::libbrotlidec-1.2.0-h5295a6a_4 
  libbrotlienc       conda-forge/osx-arm64::libbrotlienc-1.2.0-h2ddc9cb_4 
  libcblas           conda-forge/osx-arm64::libcblas-3.11.0-11_hb0561ab_openblas 
  libcxx             conda-forge/osx-arm64::libcxx-23.1.2-h55c6f16_0 
  libdeflate         conda-forge/osx-arm64::libdeflate-1.25-he7e0567_1 
  libexpat           conda-forge/osx-arm64::libexpat-2.8.5-h6111c0a_0 
  libffi             conda-forge/osx-arm64::libffi-3.7.0-h47dc5ef_1 
  libfreetype        conda-forge/osx-arm64::libfreetype-2.14.3-hce30654_2 
  libfreetype6       conda-forge/osx-arm64::libfreetype6-2.14.3-h2ed5691_2 
  libgcc             conda-forge/osx-arm64::libgcc-16.2.0-h3cf6597_7 
  libgfortran        conda-forge/osx-arm64::libgfortran-16.2.0-h07b0088_7 
  libgfortran5       conda-forge/osx-arm64::libgfortran5-16.2.0-hdb7a957_7 
  libjpeg-turbo      conda-forge/osx-arm64::libjpeg-turbo-3.2.0-h84a0fba_1 
  liblapack          conda-forge/osx-arm64::liblapack-3.11.0-11_hd9741b5_openblas 
  liblzma            conda-forge/osx-arm64::liblzma-5.8.3-h8088a28_1 
  libopenblas        conda-forge/osx-arm64::libopenblas-0.3.34-openmp_h5e6e99c_1 
  libpng             conda-forge/osx-arm64::libpng-1.6.59-hf5e6511_0 
  libsqlite          conda-forge/osx-arm64::libsqlite-3.53.4-h34a968b_102 
  libtiff            conda-forge/osx-arm64::libtiff-4.7.2-hf67920b_1 
  libwebp-base       conda-forge/osx-arm64::libwebp-base-1.6.0-h202fb40_1 
  libxcb             conda-forge/osx-arm64::libxcb-1.17.0-hbffa61f_2 
  libzlib            conda-forge/osx-arm64::libzlib-1.3.2-h8088a28_3 
  llvm-openmp        conda-forge/osx-arm64::llvm-openmp-23.1.2-hdb3d66b_0 
  matplotlib         conda-forge/osx-arm64::matplotlib-3.10.8-py310hb6292c7_0 
  matplotlib-base    conda-forge/osx-arm64::matplotlib-base-3.10.8-py310h0181960_0 
  munkres            conda-forge/noarch::munkres-1.1.4-pyhd8ed1ab_1 
  ncurses            conda-forge/osx-arm64::ncurses-6.6-he64c551_1 
  numpy              conda-forge/osx-arm64::numpy-2.2.6-py310h4d83441_0 
  openjpeg           conda-forge/osx-arm64::openjpeg-2.5.4-h4d1e80c_2 
  openssl            conda-forge/osx-arm64::openssl-3.6.5-h55eecbc_0 
  packaging          conda-forge/noarch::packaging-26.3-pyhc364b38_0 
  pandas             conda-forge/osx-arm64::pandas-2.2.3-py310h5936506_3 
  pillow             conda-forge/osx-arm64::pillow-12.3.0-py310hc037f36_0 
  pip                conda-forge/noarch::pip-26.2.1-pyh8b19718_0 
  pthread-stubs      conda-forge/osx-arm64::pthread-stubs-0.4-hb001647_1004 
  pyparsing          conda-forge/noarch::pyparsing-3.3.2-pyhcf101f3_0 
  python             conda-forge/osx-arm64::python-3.10.21-hac0b6dc_0_cpython 
  python-dateutil    conda-forge/noarch::python-dateutil-2.9.0.post0-pyhe01879c_2 
  python-tzdata      conda-forge/noarch::python-tzdata-2026.3-pyhd8ed1ab_0 
  python_abi         conda-forge/noarch::python_abi-3.10-9_cp310 
  pytz               conda-forge/noarch::pytz-2026.3.post1-pyhcf101f3_0 
  qhull              conda-forge/osx-arm64::qhull-2020.2-h420ef59_5 
  readline           conda-forge/osx-arm64::readline-8.3-h8b90a29_1 
  scikit-learn       conda-forge/osx-arm64::scikit-learn-1.7.2-py310h660f142_0 
  scipy              conda-forge/osx-arm64::scipy-1.15.2-py310h32ab4ed_0 
  setuptools         conda-forge/noarch::setuptools-84.0.0-pyh332efcf_0 
  six                conda-forge/noarch::six-1.17.0-pyhe01879c_1 
  threadpoolctl      conda-forge/noarch::threadpoolctl-3.6.0-pyhecae5ae_0 
  tk                 conda-forge/osx-arm64::tk-8.6.13-hbeba79b_4 
  tornado            conda-forge/osx-arm64::tornado-6.5.8-py310h72544b6_0 
  tzdata             conda-forge/noarch::tzdata-2026c-h151e31d_0 
  unicodedata2       conda-forge/osx-arm64::unicodedata2-17.0.1-py310h72544b6_0 
  wheel              conda-forge/noarch::wheel-0.48.0-pyhd8ed1ab_0 
  xorg-libxau        conda-forge/osx-arm64::xorg-libxau-1.0.12-hb001647_2 
  xorg-libxdmcp      conda-forge/osx-arm64::xorg-libxdmcp-1.1.5-hb001647_2 
  zlib-ng            conda-forge/osx-arm64::zlib-ng-2.3.3-h31dac16_1 
  zstd               conda-forge/osx-arm64::zstd-1.5.7-hf451053_7 



Downloading and Extracting Packages: ...working... done
Preparing transaction: ...working... done
Verifying transaction: ...working... done
Executing transaction: ...working... done
WARNING conda.conda_pypi.main:notify_externally_managed_future(156): 
  Did you know? You can install many PyPI packages with conda
  using the conda-pypi beta. Get started:
    https://docs.conda.io/projects/conda/en/stable/new-features.html

#
# To activate this environment, use
#
#     $ conda activate project1
#
# To deactivate an active environment, use
#
#     $ conda deactivate


$ /Users/guoyuhang/.local/miniconda3/bin/conda list --explicit --name project1 > conda-osx-arm64.lock.txt
$ /Users/guoyuhang/.local/miniconda3/bin/conda env export --name project1 > environment.lock.yml
$ /Users/guoyuhang/.local/miniconda3/envs/project1/bin/python -c "import sys; import numpy, pandas, scipy, sklearn, matplotlib, threadpoolctl; print(sys.executable); print(...)"
python 3.10.21
executable /Users/guoyuhang/.local/miniconda3/envs/project1/bin/python
numpy 2.2.6
pandas 2.2.3
scipy 1.15.2
scikit-learn 1.7.2
matplotlib 3.10.8
threadpoolctl 3.6.0

$ source /Users/guoyuhang/.local/miniconda3/etc/profile.d/conda.sh && conda activate project1
$ python -m pip freeze > requirements-lock.txt
Saved requirements-lock.txt (22 Python packages).
$ python -c "import os, sys; print(CONDA_DEFAULT_ENV, sys.executable)"
project1 /Users/guoyuhang/.local/miniconda3/envs/project1/bin/python
sha256: 9bdf85d31ea3b4b85ef26b2762d68e2d849fdd38b608fb5272127acef802ff75
Miniconda installer source URL: https://repo.anaconda.com/miniconda/Miniconda3-latest-MacOSX-arm64.sh

$ python -m pip list --format=freeze > requirements-lock.txt
Saved portable package/version list (25 entries); SHA256: bbba79bafa642d339996afeca37771657fd4efae28d96d9adaabd0ad2fd1820e  requirements-lock.txt

Environment check: CONDA_DEFAULT_ENV=project1 python=/Users/guoyuhang/.local/miniconda3/envs/project1/bin/python

$ /Users/guoyuhang/.local/miniconda3/bin/conda create --name project1_reproduce --file conda-osx-arm64.lock.txt --yes

Downloading and Extracting Packages: ...working... done

## Package Plan ##

  environment location: /Users/guoyuhang/.local/miniconda3/envs/project1_reproduce

  added / updated specs:
    - conda-forge/noarch::ca-certificates==2026.7.22=hbd8a1cb_0
    - conda-forge/noarch::cloudpickle==3.1.2=pyhcf101f3_1
    - conda-forge/noarch::cycler==0.12.1=pyhcf101f3_2
    - conda-forge/noarch::joblib==1.6.0=pyhcf101f3_0
    - conda-forge/noarch::munkres==1.1.4=pyhd8ed1ab_1
    - conda-forge/noarch::packaging==26.3=pyhc364b38_0
    - conda-forge/noarch::pip==26.2.1=pyh8b19718_0
    - conda-forge/noarch::pyparsing==3.3.2=pyhcf101f3_0
    - conda-forge/noarch::python-dateutil==2.9.0.post0=pyhe01879c_2
    - conda-forge/noarch::python-tzdata==2026.3=pyhd8ed1ab_0
    - conda-forge/noarch::python_abi==3.10=9_cp310
    - conda-forge/noarch::pytz==2026.3.post1=pyhcf101f3_0
    - conda-forge/noarch::setuptools==84.0.0=pyh332efcf_0
    - conda-forge/noarch::six==1.17.0=pyhe01879c_1
    - conda-forge/noarch::threadpoolctl==3.6.0=pyhecae5ae_0
    - conda-forge/noarch::tzdata==2026c=h151e31d_0
    - conda-forge/noarch::wheel==0.48.0=pyhd8ed1ab_0
    - conda-forge/osx-arm64::_openmp_mutex==4.5=8_kmp_llvm
    - conda-forge/osx-arm64::brotli-bin==1.2.0=he4a93e4_4
    - conda-forge/osx-arm64::brotli==1.2.0=hf00d406_4
    - conda-forge/osx-arm64::bzip2==1.0.8=h4e30115_10
    - conda-forge/osx-arm64::contourpy==1.3.2=py310h7f4e7e6_0
    - conda-forge/osx-arm64::fonttools==4.63.0=py310hb46c203_0
    - conda-forge/osx-arm64::freetype==2.14.3=hce30654_2
    - conda-forge/osx-arm64::kiwisolver==1.5.1=py310hee56be5_0
    - conda-forge/osx-arm64::lcms2==2.19.1=hce41798_3
    - conda-forge/osx-arm64::lerc==4.2.0=h1eee2c3_0
    - conda-forge/osx-arm64::libblas==3.11.0=11_h51639a9_openblas
    - conda-forge/osx-arm64::libbrotlicommon==1.2.0=h1dcdb26_4
    - conda-forge/osx-arm64::libbrotlidec==1.2.0=h5295a6a_4
    - conda-forge/osx-arm64::libbrotlienc==1.2.0=h2ddc9cb_4
    - conda-forge/osx-arm64::libcblas==3.11.0=11_hb0561ab_openblas
    - conda-forge/osx-arm64::libcxx==23.1.2=h55c6f16_0
    - conda-forge/osx-arm64::libdeflate==1.25=he7e0567_1
    - conda-forge/osx-arm64::libexpat==2.8.5=h6111c0a_0
    - conda-forge/osx-arm64::libffi==3.7.0=h47dc5ef_1
    - conda-forge/osx-arm64::libfreetype6==2.14.3=h2ed5691_2
    - conda-forge/osx-arm64::libfreetype==2.14.3=hce30654_2
    - conda-forge/osx-arm64::libgcc==16.2.0=h3cf6597_7
    - conda-forge/osx-arm64::libgfortran5==16.2.0=hdb7a957_7
    - conda-forge/osx-arm64::libgfortran==16.2.0=h07b0088_7
    - conda-forge/osx-arm64::libjpeg-turbo==3.2.0=h84a0fba_1
    - conda-forge/osx-arm64::liblapack==3.11.0=11_hd9741b5_openblas
    - conda-forge/osx-arm64::liblzma==5.8.3=h8088a28_1
    - conda-forge/osx-arm64::libopenblas==0.3.34=openmp_h5e6e99c_1
    - conda-forge/osx-arm64::libpng==1.6.59=hf5e6511_0
    - conda-forge/osx-arm64::libsqlite==3.53.4=h34a968b_102
    - conda-forge/osx-arm64::libtiff==4.7.2=hf67920b_1
    - conda-forge/osx-arm64::libwebp-base==1.6.0=h202fb40_1
    - conda-forge/osx-arm64::libxcb==1.17.0=hbffa61f_2
    - conda-forge/osx-arm64::libzlib==1.3.2=h8088a28_3
    - conda-forge/osx-arm64::llvm-openmp==23.1.2=hdb3d66b_0
    - conda-forge/osx-arm64::matplotlib-base==3.10.8=py310h0181960_0
    - conda-forge/osx-arm64::matplotlib==3.10.8=py310hb6292c7_0
    - conda-forge/osx-arm64::ncurses==6.6=he64c551_1
    - conda-forge/osx-arm64::numpy==2.2.6=py310h4d83441_0
    - conda-forge/osx-arm64::openjpeg==2.5.4=h4d1e80c_2
    - conda-forge/osx-arm64::openssl==3.6.5=h55eecbc_0
    - conda-forge/osx-arm64::pandas==2.2.3=py310h5936506_3
    - conda-forge/osx-arm64::pillow==12.3.0=py310hc037f36_0
    - conda-forge/osx-arm64::pthread-stubs==0.4=hb001647_1004
    - conda-forge/osx-arm64::python==3.10.21=hac0b6dc_0_cpython
    - conda-forge/osx-arm64::qhull==2020.2=h420ef59_5
    - conda-forge/osx-arm64::readline==8.3=h8b90a29_1
    - conda-forge/osx-arm64::scikit-learn==1.7.2=py310h660f142_0
    - conda-forge/osx-arm64::scipy==1.15.2=py310h32ab4ed_0
    - conda-forge/osx-arm64::tk==8.6.13=hbeba79b_4
    - conda-forge/osx-arm64::tornado==6.5.8=py310h72544b6_0
    - conda-forge/osx-arm64::unicodedata2==17.0.1=py310h72544b6_0
    - conda-forge/osx-arm64::xorg-libxau==1.0.12=hb001647_2
    - conda-forge/osx-arm64::xorg-libxdmcp==1.1.5=hb001647_2
    - conda-forge/osx-arm64::zlib-ng==2.3.3=h31dac16_1
    - conda-forge/osx-arm64::zstd==1.5.7=hf451053_7


The following NEW packages will be INSTALLED:

  _openmp_mutex      conda-forge/osx-arm64::_openmp_mutex-4.5-8_kmp_llvm 
  brotli             conda-forge/osx-arm64::brotli-1.2.0-hf00d406_4 
  brotli-bin         conda-forge/osx-arm64::brotli-bin-1.2.0-he4a93e4_4 
  bzip2              conda-forge/osx-arm64::bzip2-1.0.8-h4e30115_10 
  ca-certificates    conda-forge/noarch::ca-certificates-2026.7.22-hbd8a1cb_0 
  cloudpickle        conda-forge/noarch::cloudpickle-3.1.2-pyhcf101f3_1 
  contourpy          conda-forge/osx-arm64::contourpy-1.3.2-py310h7f4e7e6_0 
  cycler             conda-forge/noarch::cycler-0.12.1-pyhcf101f3_2 
  fonttools          conda-forge/osx-arm64::fonttools-4.63.0-py310hb46c203_0 
  freetype           conda-forge/osx-arm64::freetype-2.14.3-hce30654_2 
  joblib             conda-forge/noarch::joblib-1.6.0-pyhcf101f3_0 
  kiwisolver         conda-forge/osx-arm64::kiwisolver-1.5.1-py310hee56be5_0 
  lcms2              conda-forge/osx-arm64::lcms2-2.19.1-hce41798_3 
  lerc               conda-forge/osx-arm64::lerc-4.2.0-h1eee2c3_0 
  libblas            conda-forge/osx-arm64::libblas-3.11.0-11_h51639a9_openblas 
  libbrotlicommon    conda-forge/osx-arm64::libbrotlicommon-1.2.0-h1dcdb26_4 
  libbrotlidec       conda-forge/osx-arm64::libbrotlidec-1.2.0-h5295a6a_4 
  libbrotlienc       conda-forge/osx-arm64::libbrotlienc-1.2.0-h2ddc9cb_4 
  libcblas           conda-forge/osx-arm64::libcblas-3.11.0-11_hb0561ab_openblas 
  libcxx             conda-forge/osx-arm64::libcxx-23.1.2-h55c6f16_0 
  libdeflate         conda-forge/osx-arm64::libdeflate-1.25-he7e0567_1 
  libexpat           conda-forge/osx-arm64::libexpat-2.8.5-h6111c0a_0 
  libffi             conda-forge/osx-arm64::libffi-3.7.0-h47dc5ef_1 
  libfreetype        conda-forge/osx-arm64::libfreetype-2.14.3-hce30654_2 
  libfreetype6       conda-forge/osx-arm64::libfreetype6-2.14.3-h2ed5691_2 
  libgcc             conda-forge/osx-arm64::libgcc-16.2.0-h3cf6597_7 
  libgfortran        conda-forge/osx-arm64::libgfortran-16.2.0-h07b0088_7 
  libgfortran5       conda-forge/osx-arm64::libgfortran5-16.2.0-hdb7a957_7 
  libjpeg-turbo      conda-forge/osx-arm64::libjpeg-turbo-3.2.0-h84a0fba_1 
  liblapack          conda-forge/osx-arm64::liblapack-3.11.0-11_hd9741b5_openblas 
  liblzma            conda-forge/osx-arm64::liblzma-5.8.3-h8088a28_1 
  libopenblas        conda-forge/osx-arm64::libopenblas-0.3.34-openmp_h5e6e99c_1 
  libpng             conda-forge/osx-arm64::libpng-1.6.59-hf5e6511_0 
  libsqlite          conda-forge/osx-arm64::libsqlite-3.53.4-h34a968b_102 
  libtiff            conda-forge/osx-arm64::libtiff-4.7.2-hf67920b_1 
  libwebp-base       conda-forge/osx-arm64::libwebp-base-1.6.0-h202fb40_1 
  libxcb             conda-forge/osx-arm64::libxcb-1.17.0-hbffa61f_2 
  libzlib            conda-forge/osx-arm64::libzlib-1.3.2-h8088a28_3 
  llvm-openmp        conda-forge/osx-arm64::llvm-openmp-23.1.2-hdb3d66b_0 
  matplotlib         conda-forge/osx-arm64::matplotlib-3.10.8-py310hb6292c7_0 
  matplotlib-base    conda-forge/osx-arm64::matplotlib-base-3.10.8-py310h0181960_0 
  munkres            conda-forge/noarch::munkres-1.1.4-pyhd8ed1ab_1 
  ncurses            conda-forge/osx-arm64::ncurses-6.6-he64c551_1 
  numpy              conda-forge/osx-arm64::numpy-2.2.6-py310h4d83441_0 
  openjpeg           conda-forge/osx-arm64::openjpeg-2.5.4-h4d1e80c_2 
  openssl            conda-forge/osx-arm64::openssl-3.6.5-h55eecbc_0 
  packaging          conda-forge/noarch::packaging-26.3-pyhc364b38_0 
  pandas             conda-forge/osx-arm64::pandas-2.2.3-py310h5936506_3 
  pillow             conda-forge/osx-arm64::pillow-12.3.0-py310hc037f36_0 
  pip                conda-forge/noarch::pip-26.2.1-pyh8b19718_0 
  pthread-stubs      conda-forge/osx-arm64::pthread-stubs-0.4-hb001647_1004 
  pyparsing          conda-forge/noarch::pyparsing-3.3.2-pyhcf101f3_0 
  python             conda-forge/osx-arm64::python-3.10.21-hac0b6dc_0_cpython 
  python-dateutil    conda-forge/noarch::python-dateutil-2.9.0.post0-pyhe01879c_2 
  python-tzdata      conda-forge/noarch::python-tzdata-2026.3-pyhd8ed1ab_0 
  python_abi         conda-forge/noarch::python_abi-3.10-9_cp310 
  pytz               conda-forge/noarch::pytz-2026.3.post1-pyhcf101f3_0 
  qhull              conda-forge/osx-arm64::qhull-2020.2-h420ef59_5 
  readline           conda-forge/osx-arm64::readline-8.3-h8b90a29_1 
  scikit-learn       conda-forge/osx-arm64::scikit-learn-1.7.2-py310h660f142_0 
  scipy              conda-forge/osx-arm64::scipy-1.15.2-py310h32ab4ed_0 
  setuptools         conda-forge/noarch::setuptools-84.0.0-pyh332efcf_0 
  six                conda-forge/noarch::six-1.17.0-pyhe01879c_1 
  threadpoolctl      conda-forge/noarch::threadpoolctl-3.6.0-pyhecae5ae_0 
  tk                 conda-forge/osx-arm64::tk-8.6.13-hbeba79b_4 
  tornado            conda-forge/osx-arm64::tornado-6.5.8-py310h72544b6_0 
  tzdata             conda-forge/noarch::tzdata-2026c-h151e31d_0 
  unicodedata2       conda-forge/osx-arm64::unicodedata2-17.0.1-py310h72544b6_0 
  wheel              conda-forge/noarch::wheel-0.48.0-pyhd8ed1ab_0 
  xorg-libxau        conda-forge/osx-arm64::xorg-libxau-1.0.12-hb001647_2 
  xorg-libxdmcp      conda-forge/osx-arm64::xorg-libxdmcp-1.1.5-hb001647_2 
  zlib-ng            conda-forge/osx-arm64::zlib-ng-2.3.3-h31dac16_1 
  zstd               conda-forge/osx-arm64::zstd-1.5.7-hf451053_7 



Downloading and Extracting Packages: ...working... done
Preparing transaction: ...working... done
Verifying transaction: ...working... done
Executing transaction: ...working... done
WARNING conda.conda_pypi.main:notify_externally_managed_future(156): 
  Did you know? You can install many PyPI packages with conda
  using the conda-pypi beta. Get started:
    https://docs.conda.io/projects/conda/en/stable/new-features.html

#
# To activate this environment, use
#
#     $ conda activate project1_reproduce
#
# To deactivate an active environment, use
#
#     $ conda deactivate


$ compare installed project1_reproduce explicit package URLs against conda-osx-arm64.lock.txt
Explicit package/build lock matches exactly.
$ python -c "import os, sys; print(CONDA_DEFAULT_ENV, sys.executable)"
project1_reproduce /Users/guoyuhang/.local/miniconda3/envs/project1_reproduce/bin/python
