=== Project 1 text classification experiment ===
Python/packages: {'python': '3.10.21', 'numpy': '2.2.6', 'pandas': '2.2.3', 'scikit-learn': '1.7.2', 'scipy': '1.15.2', 'matplotlib': '3.10.8', 'threadpoolctl': '3.6.0'}
Python executable: /Users/guoyuhang/.local/miniconda3/envs/project1/bin/python
Data directory: /Users/guoyuhang/Desktop/26年秋季学期/当代人工智能/ project1/data-Project1
Results directory: /Users/guoyuhang/Desktop/26年秋季学期/当代人工智能/ project1/data-Project1/results
Validated 7368 labelled rows and 2457 test rows; classes=[0, 1, 2, 3, 4, 5, 6, 7, 8, 9]
Stratified split: 5894 train / 1474 validation; seed=42; evaluating 60 candidates
[1/60] multinomial_nb__mf5000__ng1-1__mindf1__subtf1__alpha0.1: accuracy=0.8881, macro_f1=0.8889, vectorizer=0.56s, fit=0.00s, predict=0.00s, warnings=0
[2/60] multinomial_nb__mf5000__ng1-1__mindf1__subtf1__alpha0.5: accuracy=0.8806, macro_f1=0.8819, vectorizer=0.56s, fit=0.00s, predict=0.00s, warnings=0
[3/60] multinomial_nb__mf5000__ng1-1__mindf1__subtf1__alpha1: accuracy=0.8813, macro_f1=0.8826, vectorizer=0.55s, fit=0.00s, predict=0.00s, warnings=0
[4/60] logistic_regression__mf5000__ng1-1__mindf1__subtf1__C0.1: accuracy=0.8677, macro_f1=0.8691, vectorizer=0.57s, fit=0.12s, predict=0.00s, warnings=0
[5/60] logistic_regression__mf5000__ng1-1__mindf1__subtf1__C1: accuracy=0.9003, macro_f1=0.9011, vectorizer=0.56s, fit=0.29s, predict=0.00s, warnings=0
[6/60] logistic_regression__mf5000__ng1-1__mindf1__subtf1__C10: accuracy=0.9118, macro_f1=0.9120, vectorizer=0.56s, fit=0.57s, predict=0.00s, warnings=0
[7/60] linear_svm__mf5000__ng1-1__mindf1__subtf1__C0.1: accuracy=0.9098, macro_f1=0.9102, vectorizer=0.56s, fit=0.23s, predict=0.00s, warnings=0
[8/60] linear_svm__mf5000__ng1-1__mindf1__subtf1__C1: accuracy=0.9179, macro_f1=0.9179, vectorizer=0.56s, fit=0.24s, predict=0.00s, warnings=0
[9/60] linear_svm__mf5000__ng1-1__mindf1__subtf1__C10: accuracy=0.9118, macro_f1=0.9121, vectorizer=0.57s, fit=0.39s, predict=0.00s, warnings=0
[10/60] linear_svm__mf5000__ng1-1__mindf1__subtf1__C100: accuracy=0.9132, macro_f1=0.9131, vectorizer=0.58s, fit=0.81s, predict=0.00s, warnings=0
[11/60] multinomial_nb__mf5000__ng1-2__mindf1__subtf1__alpha0.1: accuracy=0.8602, macro_f1=0.8625, vectorizer=1.90s, fit=0.00s, predict=0.00s, warnings=0
[12/60] multinomial_nb__mf5000__ng1-2__mindf1__subtf1__alpha0.5: accuracy=0.8555, macro_f1=0.8580, vectorizer=1.91s, fit=0.00s, predict=0.00s, warnings=0
[13/60] multinomial_nb__mf5000__ng1-2__mindf1__subtf1__alpha1: accuracy=0.8555, macro_f1=0.8579, vectorizer=1.91s, fit=0.00s, predict=0.00s, warnings=0
[14/60] logistic_regression__mf5000__ng1-2__mindf1__subtf1__C0.1: accuracy=0.8399, macro_f1=0.8416, vectorizer=1.91s, fit=0.15s, predict=0.00s, warnings=0
[15/60] logistic_regression__mf5000__ng1-2__mindf1__subtf1__C1: accuracy=0.8806, macro_f1=0.8818, vectorizer=1.95s, fit=0.36s, predict=0.00s, warnings=0
[16/60] logistic_regression__mf5000__ng1-2__mindf1__subtf1__C10: accuracy=0.9037, macro_f1=0.9042, vectorizer=1.92s, fit=0.62s, predict=0.00s, warnings=0
[17/60] linear_svm__mf5000__ng1-2__mindf1__subtf1__C0.1: accuracy=0.8894, macro_f1=0.8899, vectorizer=1.94s, fit=0.31s, predict=0.00s, warnings=0
[18/60] linear_svm__mf5000__ng1-2__mindf1__subtf1__C1: accuracy=0.9098, macro_f1=0.9100, vectorizer=1.93s, fit=0.33s, predict=0.00s, warnings=0
[19/60] linear_svm__mf5000__ng1-2__mindf1__subtf1__C10: accuracy=0.9003, macro_f1=0.9003, vectorizer=1.92s, fit=0.52s, predict=0.00s, warnings=0
[20/60] linear_svm__mf5000__ng1-2__mindf1__subtf1__C100: accuracy=0.8982, macro_f1=0.8984, vectorizer=1.94s, fit=1.18s, predict=0.00s, warnings=0
[21/60] multinomial_nb__mf10000__ng1-1__mindf1__subtf1__alpha0.1: accuracy=0.9057, macro_f1=0.9064, vectorizer=0.58s, fit=0.00s, predict=0.00s, warnings=0
[22/60] multinomial_nb__mf10000__ng1-1__mindf1__subtf1__alpha0.5: accuracy=0.9037, macro_f1=0.9045, vectorizer=0.58s, fit=0.00s, predict=0.00s, warnings=0
[23/60] multinomial_nb__mf10000__ng1-1__mindf1__subtf1__alpha1: accuracy=0.9023, macro_f1=0.9028, vectorizer=0.58s, fit=0.00s, predict=0.00s, warnings=0
[24/60] logistic_regression__mf10000__ng1-1__mindf1__subtf1__C0.1: accuracy=0.8752, macro_f1=0.8761, vectorizer=0.58s, fit=0.10s, predict=0.00s, warnings=0
[25/60] logistic_regression__mf10000__ng1-1__mindf1__subtf1__C1: accuracy=0.9132, macro_f1=0.9137, vectorizer=0.59s, fit=0.33s, predict=0.00s, warnings=0
[26/60] logistic_regression__mf10000__ng1-1__mindf1__subtf1__C10: accuracy=0.9261, macro_f1=0.9263, vectorizer=0.57s, fit=0.61s, predict=0.00s, warnings=0
[27/60] linear_svm__mf10000__ng1-1__mindf1__subtf1__C0.1: accuracy=0.9206, macro_f1=0.9209, vectorizer=0.58s, fit=0.12s, predict=0.00s, warnings=0
[28/60] linear_svm__mf10000__ng1-1__mindf1__subtf1__C1: accuracy=0.9301, macro_f1=0.9304, vectorizer=0.58s, fit=0.17s, predict=0.00s, warnings=0
[29/60] linear_svm__mf10000__ng1-1__mindf1__subtf1__C10: accuracy=0.9301, macro_f1=0.9304, vectorizer=0.58s, fit=0.57s, predict=0.00s, warnings=0
[30/60] linear_svm__mf10000__ng1-1__mindf1__subtf1__C100: accuracy=0.9294, macro_f1=0.9298, vectorizer=0.58s, fit=2.22s, predict=0.00s, warnings=0
[31/60] multinomial_nb__mf10000__ng1-2__mindf1__subtf1__alpha0.1: accuracy=0.8826, macro_f1=0.8842, vectorizer=1.95s, fit=0.00s, predict=0.00s, warnings=0
[32/60] multinomial_nb__mf10000__ng1-2__mindf1__subtf1__alpha0.5: accuracy=0.8826, macro_f1=0.8843, vectorizer=1.97s, fit=0.00s, predict=0.00s, warnings=0
[33/60] multinomial_nb__mf10000__ng1-2__mindf1__subtf1__alpha1: accuracy=0.8799, macro_f1=0.8813, vectorizer=1.94s, fit=0.00s, predict=0.00s, warnings=0
[34/60] logistic_regression__mf10000__ng1-2__mindf1__subtf1__C0.1: accuracy=0.8616, macro_f1=0.8627, vectorizer=1.98s, fit=0.13s, predict=0.00s, warnings=0
[35/60] logistic_regression__mf10000__ng1-2__mindf1__subtf1__C1: accuracy=0.9003, macro_f1=0.9013, vectorizer=1.97s, fit=0.59s, predict=0.00s, warnings=0
[36/60] logistic_regression__mf10000__ng1-2__mindf1__subtf1__C10: accuracy=0.9179, macro_f1=0.9184, vectorizer=1.91s, fit=0.86s, predict=0.00s, warnings=0
[37/60] linear_svm__mf10000__ng1-2__mindf1__subtf1__C0.1: accuracy=0.9098, macro_f1=0.9102, vectorizer=1.95s, fit=0.17s, predict=0.00s, warnings=0
[38/60] linear_svm__mf10000__ng1-2__mindf1__subtf1__C1: accuracy=0.9261, macro_f1=0.9264, vectorizer=1.95s, fit=0.24s, predict=0.00s, warnings=0
[39/60] linear_svm__mf10000__ng1-2__mindf1__subtf1__C10: accuracy=0.9240, macro_f1=0.9243, vectorizer=1.97s, fit=0.70s, predict=0.00s, warnings=0
[40/60] linear_svm__mf10000__ng1-2__mindf1__subtf1__C100: accuracy=0.9227, macro_f1=0.9230, vectorizer=1.97s, fit=2.44s, predict=0.00s, warnings=0
[41/60] multinomial_nb__mf20000__ng1-1__mindf1__subtf1__alpha0.1: accuracy=0.9172, macro_f1=0.9180, vectorizer=0.58s, fit=0.00s, predict=0.00s, warnings=0
[42/60] multinomial_nb__mf20000__ng1-1__mindf1__subtf1__alpha0.5: accuracy=0.9172, macro_f1=0.9178, vectorizer=0.58s, fit=0.00s, predict=0.00s, warnings=0
[43/60] multinomial_nb__mf20000__ng1-1__mindf1__subtf1__alpha1: accuracy=0.9098, macro_f1=0.9103, vectorizer=0.58s, fit=0.00s, predict=0.00s, warnings=0
[44/60] logistic_regression__mf20000__ng1-1__mindf1__subtf1__C0.1: accuracy=0.8820, macro_f1=0.8831, vectorizer=0.58s, fit=0.17s, predict=0.00s, warnings=0
[45/60] logistic_regression__mf20000__ng1-1__mindf1__subtf1__C1: accuracy=0.9179, macro_f1=0.9183, vectorizer=0.59s, fit=0.47s, predict=0.00s, warnings=0
[46/60] logistic_regression__mf20000__ng1-1__mindf1__subtf1__C10: accuracy=0.9376, macro_f1=0.9377, vectorizer=0.58s, fit=0.92s, predict=0.00s, warnings=0
[47/60] linear_svm__mf20000__ng1-1__mindf1__subtf1__C0.1: accuracy=0.9281, macro_f1=0.9282, vectorizer=0.59s, fit=0.14s, predict=0.00s, warnings=0
[48/60] linear_svm__mf20000__ng1-1__mindf1__subtf1__C1: accuracy=0.9403, macro_f1=0.9403, vectorizer=0.59s, fit=0.21s, predict=0.00s, warnings=0
[49/60] linear_svm__mf20000__ng1-1__mindf1__subtf1__C10: accuracy=0.9383, macro_f1=0.9383, vectorizer=0.59s, fit=0.70s, predict=0.00s, warnings=0
[50/60] linear_svm__mf20000__ng1-1__mindf1__subtf1__C100: accuracy=0.9369, macro_f1=0.9369, vectorizer=0.58s, fit=2.78s, predict=0.00s, warnings=0
[51/60] multinomial_nb__mf20000__ng1-2__mindf1__subtf1__alpha0.1: accuracy=0.8935, macro_f1=0.8950, vectorizer=1.97s, fit=0.01s, predict=0.00s, warnings=0
[52/60] multinomial_nb__mf20000__ng1-2__mindf1__subtf1__alpha0.5: accuracy=0.8894, macro_f1=0.8908, vectorizer=1.99s, fit=0.01s, predict=0.00s, warnings=0
[53/60] multinomial_nb__mf20000__ng1-2__mindf1__subtf1__alpha1: accuracy=0.8928, macro_f1=0.8938, vectorizer=1.96s, fit=0.01s, predict=0.00s, warnings=0
[54/60] logistic_regression__mf20000__ng1-2__mindf1__subtf1__C0.1: accuracy=0.8765, macro_f1=0.8776, vectorizer=1.98s, fit=0.28s, predict=0.00s, warnings=0
[55/60] logistic_regression__mf20000__ng1-2__mindf1__subtf1__C1: accuracy=0.9057, macro_f1=0.9066, vectorizer=1.94s, fit=0.39s, predict=0.00s, warnings=0
[56/60] logistic_regression__mf20000__ng1-2__mindf1__subtf1__C10: accuracy=0.9281, macro_f1=0.9285, vectorizer=1.99s, fit=0.98s, predict=0.00s, warnings=0
[57/60] linear_svm__mf20000__ng1-2__mindf1__subtf1__C0.1: accuracy=0.9152, macro_f1=0.9158, vectorizer=1.95s, fit=0.21s, predict=0.00s, warnings=0
[58/60] linear_svm__mf20000__ng1-2__mindf1__subtf1__C1: accuracy=0.9328, macro_f1=0.9332, vectorizer=1.97s, fit=0.30s, predict=0.00s, warnings=0
[59/60] linear_svm__mf20000__ng1-2__mindf1__subtf1__C10: accuracy=0.9301, macro_f1=0.9305, vectorizer=1.97s, fit=0.94s, predict=0.00s, warnings=0
[60/60] linear_svm__mf20000__ng1-2__mindf1__subtf1__C100: accuracy=0.9294, macro_f1=0.9298, vectorizer=1.95s, fit=3.04s, predict=0.00s, warnings=0
Plots generated: ['validation_model_comparison.png', 'validation_tuning_curves.png', 'validation_macro_f1.png', 'single_factor_C.png', 'single_factor_alpha.png', 'feature_comparison.png', 'confusion_matrix_best.png']; failed: []; skipped: []
Best validation candidate: linear_svm__mf20000__ng1-1__mindf1__subtf1__C1; accuracy=0.9403, macro_f1=0.9403
Wrote 2457 predictions to /Users/guoyuhang/Desktop/26年秋季学期/当代人工智能/ project1/data-Project1/predictions.csv; full-data vectorizer=0.59s, fit=0.25s, predict=0.00s, features=20000, warnings=0
